// Jest Snapshot v1, https://goo.gl/fbAQLP

exports[`DisclosureContainer should render the provided children 1`] = `
<InjectIntl(ApplicationErrorBoundary)>
  <ApplicationLoadingOverlayProvider>
    <ApplicationPageStatusProvider>
      <withPromptRegistration(NavigationPromptCheckpoint)>
        <div>
          Test Child
        </div>
      </withPromptRegistration(NavigationPromptCheckpoint)>
    </ApplicationPageStatusProvider>
  </ApplicationLoadingOverlayProvider>
</InjectIntl(ApplicationErrorBoundary)>
`;

exports[`DisclosureContainer should render the provided children 2`] = `
<InjectIntl(ApplicationErrorBoundary)>
  <ApplicationLoadingOverlayProvider>
    <ApplicationPageStatusProvider>
      <withPromptRegistration(NavigationPromptCheckpoint)>
        <div>
          Test Child
        </div>
      </withPromptRegistration(NavigationPromptCheckpoint)>
    </ApplicationPageStatusProvider>
  </ApplicationLoadingOverlayProvider>
</InjectIntl(ApplicationErrorBoundary)>
`;
